[pharmashop.com.vn/index.html]
[pharmashop.com.vn/upload/hinhanh/pharmafavi-2292.png]
[backblue.gif]
[fade.gif]
[index.html]
[pharmashop.com.vn/upload/hinhanh/pharmashopbanner-7196.jpg]
[pharmashop.com.vn/cssmain/slider.css]
[pharmashop.com.vn/cssmain/swiper-bundle.min.css]
[pharmashop.com.vn/cssmain/fancybox.css]
[pharmashop.com.vn/cssmain/vihaAnimate.css]
[pharmashop.com.vn/cssmain/vihaStyles.css]
[unpkg.com/boxicons@2.1.4/css/boxicons.min.css]
[pharmashop.com.vn/gioi-thieu.html]
[pharmashop.com.vn/tin-tuc.html]
[pharmashop.com.vn/login.html]
[pharmashop.com.vn/thumb/290x70/1/upload/hinhanh/logopharmatechshop-6731.png]
[pharmashop.com.vn/gio-hang.html]
[pharmashop.com.vn/thumb/40x40/1/images/shopping-cart.png]
[pharmashop.com.vn/trang-chu.html]
[pharmashop.com.vn/san-pham/dau-ca-na-uy.html]
[pharmashop.com.vn/san-pham/cham-soc-suc-khoe.html]
[pharmashop.com.vn/san-pham/cham-soc-sac-dep.html]
[pharmashop.com.vn/san-pham/suc-khoe-nam-gioi.html]
[pharmashop.com.vn/san-pham/vitamin-khoang-chat.html]
[pharmashop.com.vn/san-pham.html]
[pharmashop.com.vn/upload/hinhanh/logopharmatechshop-6731.png]
[pharmashop.com.vn/thumb/20x20/1/images/mb-search-icon.png]
[pharmashop.com.vn/thumb/35x35/1/images/mobi-shopping-cart.png]
[pharmashop.com.vn/thumb/25x25/1/images/mb-search-icon.png]
[pharmashop.com.vn/san-pham/dau-ca-na-uy-2.html]
[pharmashop.com.vn/san-pham/cham-soc-suc-khoe-2.html]
[pharmashop.com.vn/san-pham/cham-soc-sac-dep-2.html]
[pharmashop.com.vn/san-pham/suc-khoe-nam-gioi-2.html]
[pharmashop.com.vn/san-pham/vitamin-khoang-chat-2.html]
[pharmashop.com.vn/upload/hinhanh/773531669573606.jpg]
[pharmashop.com.vn/upload/hinhanh/083370523052294.jpg]
[pharmashop.com.vn/upload/hinhanh/741911103235801.jpg]
[pharmashop.com.vn/upload/hinhanh/274429886581122.jpg]
[pharmashop.com.vn/vitamin-khoang-chat/bora-cooling-gentle-cleaning-158.html]
[pharmashop.com.vn/thumb/600x600/1/upload/product/2908-3298.jpg]
[pharmashop.com.vn/vitamin-khoang-chat/bora-removing-tox-bubble-159.html]
[pharmashop.com.vn/thumb/600x600/1/upload/product/2908-680.jpg]
[pharmashop.com.vn/upload/product/danhmuchome8-8940.jpg]
[pharmashop.com.vn/upload/product/danhmuchome7-7122.jpg]
[pharmashop.com.vn/upload/product/danhmuchome5-6145.jpg]
[pharmashop.com.vn/upload/product/danhmuchome4-9749.jpg]
[pharmashop.com.vn/upload/product/danhmuchome7-2162.jpg]
[pharmashop.com.vn/dau-ca-na-uy/pharmatech-norsk-omega3-108.html]
[pharmashop.com.vn/thumb/600x600/1/upload/product/2908-4671.jpg]
[pharmashop.com.vn/dau-ca-na-uy/pharmatech-20-dpa-omega3-104.html]
[pharmashop.com.vn/thumb/600x600/1/upload/product/2908-751.jpg]
[pharmashop.com.vn/dau-ca-na-uy/pharmatech-70-dha-omega-3-105.html]
[pharmashop.com.vn/thumb/600x600/1/upload/product/2908-9563.jpg]
[pharmashop.com.vn/dau-ca-na-uy/pharmatech-70-epa-omega3-106.html]
[pharmashop.com.vn/thumb/600x600/1/upload/product/2908-7547.jpg]
[pharmashop.com.vn/dau-ca-na-uy/pharmatech-omega3-barn-107.html]
[pharmashop.com.vn/thumb/600x600/1/upload/product/2908-4198.jpg]
[pharmashop.com.vn/cham-soc-suc-khoe/smart-hjerne-115.html]
[pharmashop.com.vn/thumb/600x600/1/upload/product/2908-5783.jpg]
[pharmashop.com.vn/cham-soc-suc-khoe/leverdetox-118.html]
[pharmashop.com.vn/thumb/600x600/1/upload/product/2908-9687.jpg]
[pharmashop.com.vn/cham-soc-suc-khoe/probiotika-daglig-119.html]
[pharmashop.com.vn/thumb/600x600/1/upload/product/2908-3334.jpg]
[pharmashop.com.vn/cham-soc-suc-khoe/bora-brightening-ampoule-138.html]
[pharmashop.com.vn/thumb/600x600/1/upload/product/2908-597.jpg]
[pharmashop.com.vn/cham-soc-suc-khoe/fluor-daglig-90v-125.html]
[pharmashop.com.vn/thumb/600x600/1/upload/product/2908-6412.jpg]
[pharmashop.com.vn/cham-soc-suc-khoe/supermat-miksfiber-102.html]
[pharmashop.com.vn/thumb/600x600/1/upload/product/2908-5678.jpg]
[pharmashop.com.vn/cham-soc-suc-khoe/norsk-selolje-109.html]
[pharmashop.com.vn/thumb/600x600/1/upload/product/2908-8148.jpg]
[pharmashop.com.vn/cham-soc-suc-khoe/lutein-yne-111.html]
[pharmashop.com.vn/thumb/600x600/1/upload/product/2908-6262.jpg]
[pharmashop.com.vn/cham-soc-suc-khoe/ubikinolaktiv-q10-112.html]
[pharmashop.com.vn/thumb/600x600/1/upload/product/2908-6577.jpg]
[pharmashop.com.vn/cham-soc-suc-khoe/nordisk-blaber-120.html]
[pharmashop.com.vn/thumb/600x600/1/upload/product/2908-8788.jpg]
[pharmashop.com.vn/cham-soc-suc-khoe/sunn-prosta-121.html]
[pharmashop.com.vn/thumb/600x600/1/upload/product/2908-8887.jpg]
[pharmashop.com.vn/cham-soc-suc-khoe/laksekalsium-122.html]
[pharmashop.com.vn/thumb/600x600/1/upload/product/2908-175.jpg]
[pharmashop.com.vn/cham-soc-suc-khoe/fluor-daglig-300v-124.html]
[pharmashop.com.vn/thumb/600x600/1/upload/product/2908-745.jpg]
[pharmashop.com.vn/cham-soc-suc-khoe/melkekalsium-126.html]
[pharmashop.com.vn/thumb/600x600/1/upload/product/2908-6842.jpg]
[pharmashop.com.vn/cham-soc-sac-dep/vakkerren-hud-113.html]
[pharmashop.com.vn/thumb/600x600/1/upload/product/2908-5152.jpg]
[pharmashop.com.vn/cham-soc-sac-dep/nordisk-lys-hud-114.html]
[pharmashop.com.vn/thumb/600x600/1/upload/product/2908-6790.jpg]
[pharmashop.com.vn/cham-soc-sac-dep/fruktbar-kvinne-99.html]
[pharmashop.com.vn/thumb/600x600/1/upload/product/2908-9173.jpg]
[pharmashop.com.vn/cham-soc-sac-dep/bora-facial-care-148.html]
[pharmashop.com.vn/thumb/600x600/1/upload/product/2908-5226.jpg]
[pharmashop.com.vn/cham-soc-sac-dep/chleo-145.html]
[pharmashop.com.vn/thumb/600x600/1/upload/product/2908-7684.jpg]
[pharmashop.com.vn/cham-soc-sac-dep/bora-dream-144.html]
[pharmashop.com.vn/thumb/600x600/1/upload/product/2908-1734.jpg]
[pharmashop.com.vn/cham-soc-sac-dep/drdora-slimming-drink-solution-premium-151.html]
[pharmashop.com.vn/thumb/600x600/1/upload/product/2908-1048.jpg]
[pharmashop.com.vn/cham-soc-sac-dep/dr-dora-bringtening-drink-solution-152.html]
[pharmashop.com.vn/thumb/600x600/1/upload/product/2908-6774.jpg]
[pharmashop.com.vn/cham-soc-sac-dep/bora-peptite-extreme-white-cream-139.html]
[pharmashop.com.vn/thumb/600x600/1/upload/product/2908-2667.jpg]
[pharmashop.com.vn/cham-soc-sac-dep/bora-uv-suncreen-lotion-spf-50-pa--140.html]
[pharmashop.com.vn/thumb/600x600/1/upload/product/2908-6825.jpg]
[pharmashop.com.vn/cham-soc-sac-dep/bora-hydro-ice-crystal-mask-146.html]
[pharmashop.com.vn/thumb/600x600/1/upload/product/2908-716.jpg]
[pharmashop.com.vn/cham-soc-sac-dep/bora-nutri-spray-150.html]
[pharmashop.com.vn/thumb/600x600/1/upload/product/2908-7037.jpg]
[pharmashop.com.vn/cham-soc-sac-dep/bora-cooling-gentle-cleaning-158.html]
[pharmashop.com.vn/cham-soc-sac-dep/bora-removing-tox-bubble-159.html]
[pharmashop.com.vn/cham-soc-sac-dep/bora-157.html]
[pharmashop.com.vn/thumb/600x600/1/upload/product/2908-1452.jpg]
[pharmashop.com.vn/cham-soc-sac-dep/bora-aha-8-135.html]
[pharmashop.com.vn/thumb/600x600/1/upload/product/2908-8443.jpg]
[pharmashop.com.vn/cham-soc-sac-dep/bora-bha-2-136.html]
[pharmashop.com.vn/thumb/600x600/1/upload/product/2908-8834.jpg]
[pharmashop.com.vn/cham-soc-sac-dep/bora-ha-b5-137.html]
[pharmashop.com.vn/thumb/600x600/1/upload/product/2908-1495.jpg]
[pharmashop.com.vn/cham-soc-sac-dep/bora-niacinamide-149.html]
[pharmashop.com.vn/thumb/600x600/1/upload/product/2908-3113.jpg]
[pharmashop.com.vn/cham-soc-sac-dep/bora-premium-hop-20-vien-162.html]
[pharmashop.com.vn/thumb/600x600/1/upload/product/2908-6443.jpg]
[pharmashop.com.vn/cham-soc-sac-dep/bora-body-essence-141.html]
[pharmashop.com.vn/thumb/600x600/1/upload/product/2908-6280.jpg]
[pharmashop.com.vn/cham-soc-sac-dep/bora-vitamin-body-cream-142.html]
[pharmashop.com.vn/thumb/600x600/1/upload/product/2908-4200.jpg]
[pharmashop.com.vn/cham-soc-sac-dep/bora-slim-160.html]
[pharmashop.com.vn/thumb/600x600/1/upload/product/2908-2141.jpg]
[pharmashop.com.vn/cham-soc-sac-dep/bora-extra-vitamin-slimming-cream-143.html]
[pharmashop.com.vn/thumb/600x600/1/upload/product/2908-5427.jpg]
[pharmashop.com.vn/cham-soc-sac-dep/bora-retinol-1-156.html]
[pharmashop.com.vn/thumb/600x600/1/upload/product/2908-6190.jpg]
[pharmashop.com.vn/cham-soc-sac-dep/bora-white-lo-20-vien-161.html]
[pharmashop.com.vn/thumb/600x600/1/upload/product/2908-9742.jpg]
[pharmashop.com.vn/cham-soc-sac-dep/bora-retinol-05-155.html]
[pharmashop.com.vn/thumb/600x600/1/upload/product/2908-2040.jpg]
[pharmashop.com.vn/cham-soc-sac-dep/bora-retinol-03-154.html]
[pharmashop.com.vn/thumb/600x600/1/upload/product/2908-6254.jpg]
[pharmashop.com.vn/cham-soc-sac-dep/bora-retinol-01-153.html]
[pharmashop.com.vn/thumb/600x600/1/upload/product/2908-6088.jpg]
[pharmashop.com.vn/cham-soc-sac-dep/caviar-ceramid-117.html]
[pharmashop.com.vn/thumb/600x600/1/upload/product/2908-7343.jpg]
[pharmashop.com.vn/suc-khoe-nam-gioi/intensiv-urkraft-110.html]
[pharmashop.com.vn/thumb/600x600/1/upload/product/2908-1384.jpg]
[pharmashop.com.vn/suc-khoe-nam-gioi/nordisk-urkraft-130.html]
[pharmashop.com.vn/thumb/600x600/1/upload/product/2908-164.jpg]
[pharmashop.com.vn/suc-khoe-nam-gioi/signature-inner-perfume-133.html]
[pharmashop.com.vn/thumb/600x600/1/upload/product/2908-928.jpg]
[pharmashop.com.vn/suc-khoe-nam-gioi/last-agarwood-inner-perfume-134.html]
[pharmashop.com.vn/thumb/600x600/1/upload/product/2908-9439.jpg]
[pharmashop.com.vn/suc-khoe-nam-gioi/last-agarwood-inner-perfume-131.html]
[pharmashop.com.vn/thumb/600x600/1/upload/product/2908-225.jpg]
[pharmashop.com.vn/suc-khoe-nam-gioi/signature-132.html]
[pharmashop.com.vn/thumb/600x600/1/upload/product/2908-8422.jpg]
[pharmashop.com.vn/vitamin-khoang-chat/multivit-daglig-164.html]
[pharmashop.com.vn/thumb/600x600/1/upload/product/2908-9928.jpg]
[pharmashop.com.vn/vitamin-khoang-chat/multivit-daglig-hop-60-vien-128.html]
[pharmashop.com.vn/thumb/600x600/1/upload/product/2908-6691.jpg]
[pharmashop.com.vn/vitamin-khoang-chat/vitamind-daglig-103.html]
[pharmashop.com.vn/thumb/600x600/1/upload/product/2908-7971.jpg]
[pharmashop.com.vn/vitamin-khoang-chat/ester-c-123.html]
[pharmashop.com.vn/thumb/600x600/1/upload/product/2908-4823.jpg]
[pharmashop.com.vn/tin-tuc/man-duc-nam-la-gi-he-luy-va-cach-khac-phuc-no-nhu-the-nao-pharmatech-23.html]
[pharmashop.com.vn/upload/baiviet/manducnam1-9077.jpg]
[pharmashop.com.vn/tin-tuc/vakkerren-hud-giai-phap-tim-lai-ve-xuan-thi-cho-phu-nu-hien-dai-22.html]
[pharmashop.com.vn/upload/baiviet/vakkerrenhud1-8532.jpg]
[pharmashop.com.vn/tin-tuc/nordisk-lys-hud-giup-cai-thien-sam-nam-cho-da-nhu-the-nao-21.html]
[pharmashop.com.vn/upload/baiviet/lys21-8929.jpg]
[pharmashop.com.vn/tin-tuc/nordisk-lys-hud-giai-phap-cai-thien-nam-trang-da-den-tu-na-uy-20.html]
[pharmashop.com.vn/upload/baiviet/nordisklyshud1-9377.jpg]
[pharmashop.com.vn/myscript.js]
[pharmashop.com.vn/index.html]
[pharmashop.com.vn/cssmain/slider.css]
[pharmashop.com.vn/cssmain/swiper-bundle.min.css]
[pharmashop.com.vn/cssmain/fancybox.css]
[pharmashop.com.vn/cssmain/vihaAnimate.css]
[pharmashop.com.vn/cssmain/vihaStyles.css]
[unpkg.com/boxicons@2.1.4/css/boxicons.min.css]
[pharmashop.com.vn/gioi-thieu.html]
[pharmashop.com.vn/tin-tuc.html]
[pharmashop.com.vn/quen-mat-khau.html]
[pharmashop.com.vn/register.html]
[pharmashop.com.vn/login.html]
[pharmashop.com.vn/thanh-toan.html]
[pharmashop.com.vn/gio-hang.html]
[pharmashop.com.vn/trang-chu.html]
[pharmashop.com.vn/vitamin-khoang-chat/pharmatech-20-dpa-omega3-104.html]
[pharmashop.com.vn/vitamin-khoang-chat/pharmatech-70-dha-omega-3-105.html]
[pharmashop.com.vn/vitamin-khoang-chat/pharmatech-70-epa-omega3-106.html]
[pharmashop.com.vn/vitamin-khoang-chat/pharmatech-omega3-barn-107.html]
[pharmashop.com.vn/vitamin-khoang-chat/pharmatech-norsk-omega3-108.html]
[pharmashop.com.vn/vitamin-khoang-chat/norsk-lakseolje-165.html]
[pharmashop.com.vn/thumb/600x600/1/upload/product/c5b3242b3a66e838b177-956.jpg]
[pharmashop.com.vn/san-pham/dau-ca-na-uy.html]
[pharmashop.com.vn/vitamin-khoang-chat/supermat-miksfiber-102.html]
[pharmashop.com.vn/vitamin-khoang-chat/norsk-selolje-109.html]
[pharmashop.com.vn/vitamin-khoang-chat/lutein-yne-111.html]
[pharmashop.com.vn/vitamin-khoang-chat/ubikinolaktiv-q10-112.html]
[pharmashop.com.vn/vitamin-khoang-chat/smart-hjerne-115.html]
[pharmashop.com.vn/vitamin-khoang-chat/leverdetox-118.html]
[pharmashop.com.vn/vitamin-khoang-chat/probiotika-daglig-119.html]
[pharmashop.com.vn/vitamin-khoang-chat/nordisk-blaber-120.html]
[pharmashop.com.vn/vitamin-khoang-chat/sunn-prosta-121.html]
[pharmashop.com.vn/vitamin-khoang-chat/laksekalsium-122.html]
[pharmashop.com.vn/vitamin-khoang-chat/fluor-daglig-300v-124.html]
[pharmashop.com.vn/san-pham/cham-soc-suc-khoe.html]
[pharmashop.com.vn/vitamin-khoang-chat/fluor-daglig-90v-125.html]
[pharmashop.com.vn/vitamin-khoang-chat/vakkerren-hud-113.html]
[pharmashop.com.vn/vitamin-khoang-chat/nordisk-lys-hud-114.html]
[pharmashop.com.vn/vitamin-khoang-chat/caviar-ceramid-117.html]
[pharmashop.com.vn/vitamin-khoang-chat/fruktbar-kvinne-99.html]
[pharmashop.com.vn/vitamin-khoang-chat/bora-aha-8-135.html]
[pharmashop.com.vn/vitamin-khoang-chat/bora-bha-2-136.html]
[pharmashop.com.vn/vitamin-khoang-chat/bora-ha-b5-137.html]
[pharmashop.com.vn/vitamin-khoang-chat/bora-peptite-extreme-white-cream-139.html]
[pharmashop.com.vn/vitamin-khoang-chat/bora-uv-suncreen-lotion-spf-50-pa--140.html]
[pharmashop.com.vn/vitamin-khoang-chat/bora-body-essence-141.html]
[pharmashop.com.vn/vitamin-khoang-chat/bora-vitamin-body-cream-142.html]
[pharmashop.com.vn/vitamin-khoang-chat/bora-extra-vitamin-slimming-cream-143.html]
[pharmashop.com.vn/san-pham/cham-soc-sac-dep.html]
[pharmashop.com.vn/vitamin-khoang-chat/intensiv-urkraft-110.html]
[pharmashop.com.vn/vitamin-khoang-chat/nordisk-urkraft-130.html]
[pharmashop.com.vn/vitamin-khoang-chat/last-agarwood-inner-perfume-131.html]
[pharmashop.com.vn/vitamin-khoang-chat/signature-132.html]
[pharmashop.com.vn/vitamin-khoang-chat/signature-inner-perfume-133.html]
[pharmashop.com.vn/san-pham/suc-khoe-nam-gioi.html]
[pharmashop.com.vn/san-pham/vitamin-khoang-chat.html]
[pharmashop.com.vn/san-pham.html]
[pharmashop.com.vn/san-pham/dau-ca-na-uy-2.html]
[pharmashop.com.vn/san-pham/cham-soc-suc-khoe-2.html]
[pharmashop.com.vn/san-pham/cham-soc-sac-dep-2.html]
[pharmashop.com.vn/san-pham/suc-khoe-nam-gioi-2.html]
[pharmashop.com.vn/san-pham/vitamin-khoang-chat-2.html]
[pharmashop.com.vn/vitamin-khoang-chat/last-agarwood-inner-perfume-134.html]
[pharmashop.com.vn/upload/product/2908-3298.jpg]
[pharmashop.com.vn/thumb/70x70/1/upload/product/2908-3298.jpg]
[pharmashop.com.vn/vitamin-khoang-chat/bora-cooling-gentle-cleaning-158.html]
[pharmashop.com.vn/upload/product/2908-680.jpg]
[pharmashop.com.vn/thumb/70x70/1/upload/product/2908-680.jpg]
[pharmashop.com.vn/vitamin-khoang-chat/bora-removing-tox-bubble-159.html]
[pharmashop.com.vn/upload/product/2908-4671.jpg]
[pharmashop.com.vn/thumb/70x70/1/upload/product/2908-4671.jpg]
[pharmashop.com.vn/dau-ca-na-uy/pharmatech-norsk-omega3-108.html]
[pharmashop.com.vn/upload/product/2908-751.jpg]
[pharmashop.com.vn/thumb/70x70/1/upload/product/2908-751.jpg]
[pharmashop.com.vn/dau-ca-na-uy/pharmatech-20-dpa-omega3-104.html]
[pharmashop.com.vn/upload/product/2908-9563.jpg]
[pharmashop.com.vn/thumb/70x70/1/upload/product/2908-9563.jpg]
[pharmashop.com.vn/dau-ca-na-uy/pharmatech-70-dha-omega-3-105.html]
[pharmashop.com.vn/upload/product/2908-7547.jpg]
[pharmashop.com.vn/thumb/70x70/1/upload/product/2908-7547.jpg]
[pharmashop.com.vn/dau-ca-na-uy/pharmatech-70-epa-omega3-106.html]
[pharmashop.com.vn/upload/product/2908-4198.jpg]
[pharmashop.com.vn/thumb/70x70/1/upload/product/2908-4198.jpg]
[pharmashop.com.vn/dau-ca-na-uy/pharmatech-omega3-barn-107.html]
[pharmashop.com.vn/upload/product/2908-5783.jpg]
[pharmashop.com.vn/thumb/70x70/1/upload/product/2908-5783.jpg]
[pharmashop.com.vn/cham-soc-suc-khoe/smart-hjerne-115.html]
[pharmashop.com.vn/upload/product/2908-9687.jpg]
[pharmashop.com.vn/thumb/70x70/1/upload/product/2908-9687.jpg]
[pharmashop.com.vn/cham-soc-suc-khoe/leverdetox-118.html]
[pharmashop.com.vn/upload/product/2908-3334.jpg]
[pharmashop.com.vn/thumb/70x70/1/upload/product/2908-3334.jpg]
[pharmashop.com.vn/cham-soc-suc-khoe/probiotika-daglig-119.html]
[pharmashop.com.vn/upload/product/2908-597.jpg]
[pharmashop.com.vn/thumb/70x70/1/upload/product/2908-597.jpg]
[pharmashop.com.vn/cham-soc-suc-khoe/bora-brightening-ampoule-138.html]
[pharmashop.com.vn/upload/product/2908-6412.jpg]
[pharmashop.com.vn/thumb/70x70/1/upload/product/2908-6412.jpg]
[pharmashop.com.vn/cham-soc-suc-khoe/fluor-daglig-90v-125.html]
[pharmashop.com.vn/upload/product/2908-5678.jpg]
[pharmashop.com.vn/thumb/70x70/1/upload/product/2908-5678.jpg]
[pharmashop.com.vn/cham-soc-suc-khoe/supermat-miksfiber-102.html]
[pharmashop.com.vn/upload/product/2908-8148.jpg]
[pharmashop.com.vn/thumb/70x70/1/upload/product/2908-8148.jpg]
[pharmashop.com.vn/cham-soc-suc-khoe/norsk-selolje-109.html]
[pharmashop.com.vn/upload/product/2908-6262.jpg]
[pharmashop.com.vn/thumb/70x70/1/upload/product/2908-6262.jpg]
[pharmashop.com.vn/cham-soc-suc-khoe/lutein-yne-111.html]
[pharmashop.com.vn/upload/product/2908-6577.jpg]
[pharmashop.com.vn/thumb/70x70/1/upload/product/2908-6577.jpg]
[pharmashop.com.vn/cham-soc-suc-khoe/ubikinolaktiv-q10-112.html]
[pharmashop.com.vn/upload/product/2908-8788.jpg]
[pharmashop.com.vn/thumb/70x70/1/upload/product/2908-8788.jpg]
[pharmashop.com.vn/cham-soc-suc-khoe/nordisk-blaber-120.html]
[pharmashop.com.vn/upload/product/2908-8887.jpg]
[pharmashop.com.vn/thumb/70x70/1/upload/product/2908-8887.jpg]
[pharmashop.com.vn/cham-soc-suc-khoe/sunn-prosta-121.html]
[pharmashop.com.vn/upload/product/2908-175.jpg]
[pharmashop.com.vn/thumb/70x70/1/upload/product/2908-175.jpg]
[pharmashop.com.vn/cham-soc-suc-khoe/laksekalsium-122.html]
[pharmashop.com.vn/upload/product/2908-745.jpg]
[pharmashop.com.vn/thumb/70x70/1/upload/product/2908-745.jpg]
[pharmashop.com.vn/cham-soc-suc-khoe/fluor-daglig-300v-124.html]
[pharmashop.com.vn/upload/product/2908-6842.jpg]
[pharmashop.com.vn/thumb/70x70/1/upload/product/2908-6842.jpg]
[pharmashop.com.vn/cham-soc-suc-khoe/melkekalsium-126.html]
[pharmashop.com.vn/upload/product/2908-5152.jpg]
[pharmashop.com.vn/thumb/70x70/1/upload/product/2908-5152.jpg]
[pharmashop.com.vn/cham-soc-sac-dep/vakkerren-hud-113.html]
[pharmashop.com.vn/upload/product/2908-6790.jpg]
[pharmashop.com.vn/thumb/70x70/1/upload/product/2908-6790.jpg]
[pharmashop.com.vn/cham-soc-sac-dep/nordisk-lys-hud-114.html]
[pharmashop.com.vn/upload/product/2908-9173.jpg]
[pharmashop.com.vn/thumb/70x70/1/upload/product/2908-9173.jpg]
[pharmashop.com.vn/cham-soc-sac-dep/fruktbar-kvinne-99.html]
[pharmashop.com.vn/upload/product/2908-5226.jpg]
[pharmashop.com.vn/thumb/70x70/1/upload/product/2908-5226.jpg]
[pharmashop.com.vn/cham-soc-sac-dep/bora-facial-care-148.html]
[pharmashop.com.vn/upload/product/2908-7684.jpg]
[pharmashop.com.vn/thumb/70x70/1/upload/product/2908-7684.jpg]
[pharmashop.com.vn/cham-soc-sac-dep/chleo-145.html]
[pharmashop.com.vn/upload/product/2908-1734.jpg]
[pharmashop.com.vn/thumb/70x70/1/upload/product/2908-1734.jpg]
[pharmashop.com.vn/cham-soc-sac-dep/bora-dream-144.html]
[pharmashop.com.vn/upload/product/2908-1048.jpg]
[pharmashop.com.vn/thumb/70x70/1/upload/product/2908-1048.jpg]
[pharmashop.com.vn/cham-soc-sac-dep/drdora-slimming-drink-solution-premium-151.html]
[pharmashop.com.vn/upload/product/2908-6774.jpg]
[pharmashop.com.vn/thumb/70x70/1/upload/product/2908-6774.jpg]
[pharmashop.com.vn/cham-soc-sac-dep/dr-dora-bringtening-drink-solution-152.html]
[pharmashop.com.vn/upload/product/2908-2667.jpg]
[pharmashop.com.vn/thumb/70x70/1/upload/product/2908-2667.jpg]
[pharmashop.com.vn/cham-soc-sac-dep/bora-peptite-extreme-white-cream-139.html]
[pharmashop.com.vn/upload/product/2908-6825.jpg]
[pharmashop.com.vn/thumb/70x70/1/upload/product/2908-6825.jpg]
[pharmashop.com.vn/cham-soc-sac-dep/bora-uv-suncreen-lotion-spf-50-pa--140.html]
[pharmashop.com.vn/upload/product/2908-716.jpg]
[pharmashop.com.vn/thumb/70x70/1/upload/product/2908-716.jpg]
[pharmashop.com.vn/cham-soc-sac-dep/bora-hydro-ice-crystal-mask-146.html]
[pharmashop.com.vn/upload/product/2908-7037.jpg]
[pharmashop.com.vn/thumb/70x70/1/upload/product/2908-7037.jpg]
[pharmashop.com.vn/cham-soc-sac-dep/bora-nutri-spray-150.html]
[pharmashop.com.vn/cham-soc-sac-dep/bora-cooling-gentle-cleaning-158.html]
[pharmashop.com.vn/cham-soc-sac-dep/bora-removing-tox-bubble-159.html]
[pharmashop.com.vn/upload/product/2908-1452.jpg]
[pharmashop.com.vn/thumb/70x70/1/upload/product/2908-1452.jpg]
[pharmashop.com.vn/cham-soc-sac-dep/bora-157.html]
[pharmashop.com.vn/upload/product/2908-8443.jpg]
[pharmashop.com.vn/thumb/70x70/1/upload/product/2908-8443.jpg]
[pharmashop.com.vn/cham-soc-sac-dep/bora-aha-8-135.html]
[pharmashop.com.vn/upload/product/2908-8834.jpg]
[pharmashop.com.vn/thumb/70x70/1/upload/product/2908-8834.jpg]
[pharmashop.com.vn/cham-soc-sac-dep/bora-bha-2-136.html]
[pharmashop.com.vn/upload/product/2908-1495.jpg]
[pharmashop.com.vn/thumb/70x70/1/upload/product/2908-1495.jpg]
[pharmashop.com.vn/cham-soc-sac-dep/bora-ha-b5-137.html]
[pharmashop.com.vn/upload/product/2908-3113.jpg]
[pharmashop.com.vn/thumb/70x70/1/upload/product/2908-3113.jpg]
[pharmashop.com.vn/cham-soc-sac-dep/bora-niacinamide-149.html]
[pharmashop.com.vn/upload/product/2908-6443.jpg]
[pharmashop.com.vn/thumb/70x70/1/upload/product/2908-6443.jpg]
[pharmashop.com.vn/cham-soc-sac-dep/bora-premium-hop-20-vien-162.html]
[pharmashop.com.vn/upload/product/2908-6280.jpg]
[pharmashop.com.vn/thumb/70x70/1/upload/product/2908-6280.jpg]
[pharmashop.com.vn/cham-soc-sac-dep/bora-body-essence-141.html]
[pharmashop.com.vn/upload/product/2908-4200.jpg]
[pharmashop.com.vn/thumb/70x70/1/upload/product/2908-4200.jpg]
[pharmashop.com.vn/cham-soc-sac-dep/bora-vitamin-body-cream-142.html]
[pharmashop.com.vn/upload/product/2908-2141.jpg]
[pharmashop.com.vn/thumb/70x70/1/upload/product/2908-2141.jpg]
[pharmashop.com.vn/cham-soc-sac-dep/bora-slim-160.html]
[pharmashop.com.vn/upload/product/2908-5427.jpg]
[pharmashop.com.vn/thumb/70x70/1/upload/product/2908-5427.jpg]
[pharmashop.com.vn/cham-soc-sac-dep/bora-extra-vitamin-slimming-cream-143.html]
[pharmashop.com.vn/upload/product/2908-6190.jpg]
[pharmashop.com.vn/thumb/70x70/1/upload/product/2908-6190.jpg]
[pharmashop.com.vn/cham-soc-sac-dep/bora-retinol-1-156.html]
[pharmashop.com.vn/upload/product/2908-9742.jpg]
[pharmashop.com.vn/thumb/70x70/1/upload/product/2908-9742.jpg]
[pharmashop.com.vn/cham-soc-sac-dep/bora-white-lo-20-vien-161.html]
[pharmashop.com.vn/upload/product/2908-2040.jpg]
[pharmashop.com.vn/thumb/70x70/1/upload/product/2908-2040.jpg]
[pharmashop.com.vn/cham-soc-sac-dep/bora-retinol-05-155.html]
[pharmashop.com.vn/upload/product/2908-6254.jpg]
[pharmashop.com.vn/thumb/70x70/1/upload/product/2908-6254.jpg]
[pharmashop.com.vn/cham-soc-sac-dep/bora-retinol-03-154.html]
[pharmashop.com.vn/upload/product/2908-6088.jpg]
[pharmashop.com.vn/thumb/70x70/1/upload/product/2908-6088.jpg]
[pharmashop.com.vn/cham-soc-sac-dep/bora-retinol-01-153.html]
[pharmashop.com.vn/upload/product/2908-7343.jpg]
[pharmashop.com.vn/thumb/70x70/1/upload/product/2908-7343.jpg]
[pharmashop.com.vn/cham-soc-sac-dep/caviar-ceramid-117.html]
[pharmashop.com.vn/upload/product/2908-1384.jpg]
[pharmashop.com.vn/thumb/70x70/1/upload/product/2908-1384.jpg]
[pharmashop.com.vn/suc-khoe-nam-gioi/intensiv-urkraft-110.html]
[pharmashop.com.vn/upload/product/2908-164.jpg]
[pharmashop.com.vn/thumb/70x70/1/upload/product/2908-164.jpg]
[pharmashop.com.vn/suc-khoe-nam-gioi/nordisk-urkraft-130.html]
[pharmashop.com.vn/upload/product/2908-928.jpg]
[pharmashop.com.vn/thumb/70x70/1/upload/product/2908-928.jpg]
[pharmashop.com.vn/suc-khoe-nam-gioi/signature-inner-perfume-133.html]
[pharmashop.com.vn/upload/product/2908-9439.jpg]
[pharmashop.com.vn/thumb/70x70/1/upload/product/2908-9439.jpg]
[pharmashop.com.vn/suc-khoe-nam-gioi/last-agarwood-inner-perfume-134.html]
[pharmashop.com.vn/upload/product/2908-225.jpg]
[pharmashop.com.vn/thumb/70x70/1/upload/product/2908-225.jpg]
[pharmashop.com.vn/suc-khoe-nam-gioi/last-agarwood-inner-perfume-131.html]
[pharmashop.com.vn/upload/product/2908-8422.jpg]
[pharmashop.com.vn/thumb/70x70/1/upload/product/2908-8422.jpg]
[pharmashop.com.vn/suc-khoe-nam-gioi/signature-132.html]
[pharmashop.com.vn/upload/product/2908-9928.jpg]
[pharmashop.com.vn/thumb/70x70/1/upload/product/2908-9928.jpg]
[pharmashop.com.vn/vitamin-khoang-chat/multivit-daglig-164.html]
[pharmashop.com.vn/upload/product/2908-6691.jpg]
[pharmashop.com.vn/thumb/70x70/1/upload/product/2908-6691.jpg]
[pharmashop.com.vn/vitamin-khoang-chat/multivit-daglig-hop-60-vien-128.html]
[pharmashop.com.vn/upload/product/2908-7971.jpg]
[pharmashop.com.vn/thumb/70x70/1/upload/product/2908-7971.jpg]
[pharmashop.com.vn/vitamin-khoang-chat/vitamind-daglig-103.html]
[pharmashop.com.vn/upload/product/2908-4823.jpg]
[pharmashop.com.vn/thumb/70x70/1/upload/product/2908-4823.jpg]
[pharmashop.com.vn/vitamin-khoang-chat/ester-c-123.html]
[pharmashop.com.vn/tin-tuc/man-duc-nam-la-gi-he-luy-va-cach-khac-phuc-no-nhu-the-nao-pharmatech-23.html]
[pharmashop.com.vn/tin-tuc/vakkerren-hud-giai-phap-tim-lai-ve-xuan-thi-cho-phu-nu-hien-dai-22.html]
[pharmashop.com.vn/tin-tuc/nordisk-lys-hud-giup-cai-thien-sam-nam-cho-da-nhu-the-nao-21.html]
[pharmashop.com.vn/tin-tuc/nordisk-lys-hud-giai-phap-cai-thien-nam-trang-da-den-tu-na-uy-20.html]
[pharmashop.com.vn/quen-mat-khau.html]
[pharmashop.com.vn/chinh-sach.html]
[www.gstatic.com/firebasejs/4.3.1/firebase.js]
[pharmashop.com.vn/register.html]
[pharmashop.com.vn/chinh-sach/chinh-sach-bao-mat-14.html]
[pharmashop.com.vn/thanh-toan.html]
[pharmashop.com.vn/vitamin-khoang-chat/pharmatech-20-dpa-omega3-104.html]
[pharmashop.com.vn/vitamin-khoang-chat/pharmatech-70-dha-omega-3-105.html]
[pharmashop.com.vn/vitamin-khoang-chat/pharmatech-70-epa-omega3-106.html]
[pharmashop.com.vn/vitamin-khoang-chat/pharmatech-omega3-barn-107.html]
[pharmashop.com.vn/vitamin-khoang-chat/pharmatech-norsk-omega3-108.html]
[pharmashop.com.vn/upload/product/c5b3242b3a66e838b177-956.jpg]
[pharmashop.com.vn/upload/product/c5b3242b3a66e838b177-1-7940.jpg]
[pharmashop.com.vn/thumb/70x70/1/upload/product/c5b3242b3a66e838b177-956.jpg]
[pharmashop.com.vn/thumb/70x70/1/upload/product/c5b3242b3a66e838b177-1-7940.jpg]
[pharmashop.com.vn/vitamin-khoang-chat/norsk-lakseolje-165.html]
[pharmashop.com.vn/vitamin-khoang-chat/supermat-miksfiber-102.html]
[pharmashop.com.vn/vitamin-khoang-chat/norsk-selolje-109.html]
[pharmashop.com.vn/vitamin-khoang-chat/lutein-yne-111.html]
[pharmashop.com.vn/vitamin-khoang-chat/ubikinolaktiv-q10-112.html]
[pharmashop.com.vn/vitamin-khoang-chat/smart-hjerne-115.html]
[pharmashop.com.vn/vitamin-khoang-chat/leverdetox-118.html]
[pharmashop.com.vn/vitamin-khoang-chat/probiotika-daglig-119.html]
[pharmashop.com.vn/vitamin-khoang-chat/nordisk-blaber-120.html]
[pharmashop.com.vn/vitamin-khoang-chat/sunn-prosta-121.html]
[pharmashop.com.vn/vitamin-khoang-chat/laksekalsium-122.html]
[pharmashop.com.vn/vitamin-khoang-chat/fluor-daglig-300v-124.html]
[pharmashop.com.vn/vitamin-khoang-chat/fluor-daglig-90v-125.html]
[pharmashop.com.vn/vitamin-khoang-chat/vakkerren-hud-113.html]
[pharmashop.com.vn/vitamin-khoang-chat/nordisk-lys-hud-114.html]
[pharmashop.com.vn/vitamin-khoang-chat/caviar-ceramid-117.html]
[pharmashop.com.vn/vitamin-khoang-chat/fruktbar-kvinne-99.html]
[pharmashop.com.vn/vitamin-khoang-chat/bora-aha-8-135.html]
[pharmashop.com.vn/vitamin-khoang-chat/bora-bha-2-136.html]
[pharmashop.com.vn/vitamin-khoang-chat/bora-ha-b5-137.html]
[pharmashop.com.vn/vitamin-khoang-chat/bora-peptite-extreme-white-cream-139.html]
[pharmashop.com.vn/vitamin-khoang-chat/bora-uv-suncreen-lotion-spf-50-pa--140.html]
[pharmashop.com.vn/vitamin-khoang-chat/bora-body-essence-141.html]
[pharmashop.com.vn/vitamin-khoang-chat/bora-vitamin-body-cream-142.html]
[pharmashop.com.vn/vitamin-khoang-chat/bora-extra-vitamin-slimming-cream-143.html]
[pharmashop.com.vn/vitamin-khoang-chat/intensiv-urkraft-110.html]
[pharmashop.com.vn/vitamin-khoang-chat/nordisk-urkraft-130.html]
[pharmashop.com.vn/vitamin-khoang-chat/last-agarwood-inner-perfume-131.html]
[pharmashop.com.vn/vitamin-khoang-chat/signature-132.html]
[pharmashop.com.vn/vitamin-khoang-chat/signature-inner-perfume-133.html]
[pharmashop.com.vn/vitamin-khoang-chat/last-agarwood-inner-perfume-134.html]
[pharmashop.com.vn/chinh-sach.html]
[pharmashop.com.vn/chinh-sach/chinh-sach-bao-mat-14.html]
[localhost/upload/images/images/baiviet/Man-duc-nam-2.jpg]
[localhost/upload/images/images/baiviet/Man-duc-nam-3.jpg]
[localhost/upload/images/images/baiviet/Man-duc-nam-4.jpg]
[localhost/upload/images/images/baiviet/Man-duc-nam-5.jpg]
[localhost/upload/images/images/baiviet/Man-duc-nam-6.jpg]
[localhost/upload/images/images/baiviet/Man-duc-nam-7.jpg]
[localhost/upload/images/images/baiviet/Man-duc-nam-8.jpg]
[localhost/upload/images/images/baiviet/Man-duc-nam-9.jpg]
[localhost/upload/images/images/baiviet/Man-duc-nam-10.jpg]
[localhost/upload/images/images/baiviet/Man-duc-nam-11.jpg]
[localhost/upload/images/images/baiviet/Man-duc-nam-12.jpg]
[localhost/upload/images/images/baiviet/vakker-renhud-2.jpg]
[localhost/upload/images/images/baiviet/vakker-renhud-3.jpg]
[localhost/upload/images/images/baiviet/xac-nhan-quang-cao-vakker-ren-hud-1.jpg]
[localhost/upload/images/images/baiviet/nordisk-lys-hud-cai-thien-nam-tu-sau-ben-trong.jpg]
[localhost/upload/images/images/baiviet/QC-CB-LYS-HUD2.jpg]
[localhost/upload/images/images/baiviet/2.jpg]
[localhost/upload/images/images/baiviet/3.jpg]
[localhost/upload/images/images/baiviet/QC-CB-LYS-HUD.jpg]
